2026-08-25T12:43:11.118+08:00  INFO 25872 --- [demo2] [main] com.example2.demo2.Demo2Application      : Starting Demo2Application using Java 23.0.1 with PID 25872 (C:\Users\32151\Desktop\book-management-system\target\classes started by 32151 in C:\Users\32151\Desktop\book-management-system)
2026-08-25T12:43:11.131+08:00  INFO 25872 --- [demo2] [main] com.example2.demo2.Demo2Application      : The following 1 profile is active: "dev"
2026-08-25T12:43:12.158+08:00  INFO 25872 --- [demo2] [main] .s.d.r.c.RepositoryConfigurationDelegate : Multiple Spring Data modules found, entering strict repository configuration mode
2026-08-25T12:43:12.162+08:00  INFO 25872 --- [demo2] [main] .s.d.r.c.RepositoryConfigurationDelegate : Bootstrapping Spring Data JPA repositories in DEFAULT mode.
2026-08-25T12:43:12.638+08:00  INFO 25872 --- [demo2] [main] .s.d.r.c.RepositoryConfigurationDelegate : Finished Spring Data repository scanning in 448 ms. Found 2 JPA repository interfaces.
2026-08-25T12:43:12.746+08:00  INFO 25872 --- [demo2] [main] .s.d.r.c.RepositoryConfigurationDelegate : Multiple Spring Data modules found, entering strict repository configuration mode
2026-08-25T12:43:12.747+08:00  INFO 25872 --- [demo2] [main] .s.d.r.c.RepositoryConfigurationDelegate : Bootstrapping Spring Data Redis repositories in DEFAULT mode.
2026-08-25T12:43:12.771+08:00  INFO 25872 --- [demo2] [main] .RepositoryConfigurationExtensionSupport : Spring Data Redis - Could not safely identify store assignment for repository candidate interface com.example2.demo2.repository.BookRepository; If you want this repository to be a Redis repository, consider annotating your entities with one of these annotations: org.springframework.data.redis.core.RedisHash (preferred), or consider extending one of the following types with your repository: org.springframework.data.keyvalue.repository.KeyValueRepository
2026-08-25T12:43:12.773+08:00  INFO 25872 --- [demo2] [main] .RepositoryConfigurationExtensionSupport : Spring Data Redis - Could not safely identify store assignment for repository candidate interface com.example2.demo2.repository.UserRepository; If you want this repository to be a Redis repository, consider annotating your entities with one of these annotations: org.springframework.data.redis.core.RedisHash (preferred), or consider extending one of the following types with your repository: org.springframework.data.keyvalue.repository.KeyValueRepository
2026-08-25T12:43:12.775+08:00  INFO 25872 --- [demo2] [main] .s.d.r.c.RepositoryConfigurationDelegate : Finished Spring Data repository scanning in 16 ms. Found 0 Redis repository interfaces.
2026-08-25T12:43:16.218+08:00  INFO 25872 --- [demo2] [main] o.s.boot.tomcat.TomcatWebServer          : Tomcat initialized with port 8080 (http)
2026-08-25T12:43:16.251+08:00  INFO 25872 --- [demo2] [main] o.apache.catalina.core.StandardService   : Starting service [Tomcat]
2026-08-25T12:43:16.251+08:00  INFO 25872 --- [demo2] [main] o.apache.catalina.core.StandardEngine    : Starting Servlet engine: [Apache Tomcat/11.0.22]
2026-08-25T12:43:16.476+08:00  INFO 25872 --- [demo2] [main] b.w.c.s.WebApplicationContextInitializer : Root WebApplicationContext: initialization completed in 5269 ms
2026-08-25T12:43:17.888+08:00  INFO 25872 --- [demo2] [main] org.hibernate.orm.jpa                    : HHH008540: Processing PersistenceUnitInfo [name: default]
2026-08-25T12:43:18.237+08:00  INFO 25872 --- [demo2] [main] org.hibernate.orm.core                   : HHH000001: Hibernate ORM core version 7.4.1.Final
2026-08-25T12:43:19.353+08:00  INFO 25872 --- [demo2] [main] o.s.o.j.p.SpringPersistenceUnitInfo      : No LoadTimeWeaver setup: ignoring JPA class transformer
2026-08-25T12:43:19.425+08:00  INFO 25872 --- [demo2] [main] com.zaxxer.hikari.HikariDataSource       : HikariPool-1 - Starting...
2026-08-25T12:43:19.870+08:00  INFO 25872 --- [demo2] [main] com.zaxxer.hikari.pool.HikariPool        : HikariPool-1 - Added connection com.mysql.cj.jdbc.ConnectionImpl@587400a9
2026-08-25T12:43:19.870+08:00  INFO 25872 --- [demo2] [main] com.zaxxer.hikari.HikariDataSource       : HikariPool-1 - Start completed.
2026-08-25T12:43:19.977+08:00  WARN 25872 --- [demo2] [main] org.hibernate.orm.deprecation            : HHH90000025: MySQLDialect does not need to be specified explicitly using 'hibernate.dialect' (remove the property setting and it will be selected by default)
2026-08-25T12:43:20.099+08:00  INFO 25872 --- [demo2] [main] org.hibernate.orm.connections.pooling    : HHH10001005: Database info:
	Database JDBC URL [jdbc:mysql://localhost:3306/book_db?useSSL=false&serverTimezone=Asia/Shanghai&allowPublicKeyRetrieval=true]
	Database driver: MySQL Connector/J
	Database dialect: MySQLDialect
	Database version: 8.0.46
	Default catalog/schema: book_db/undefined
	Autocommit mode: undefined/unknown
	Isolation level: REPEATABLE_READ [default REPEATABLE_READ]
	JDBC fetch size: none
	Pool: DataSourceConnectionProvider
	Minimum pool size: undefined/unknown
	Maximum pool size: undefined/unknown
2026-08-25T12:43:22.271+08:00  INFO 25872 --- [demo2] [main] org.hibernate.orm.core                   : HHH000489: No JTA platform available (set 'hibernate.transaction.jta.platform' to enable JTA platform integration)
2026-08-25T12:43:22.496+08:00  INFO 25872 --- [demo2] [main] j.LocalContainerEntityManagerFactoryBean : Initialized JPA EntityManagerFactory for persistence unit 'default'
2026-08-25T12:43:24.522+08:00  INFO 25872 --- [demo2] [main] o.s.d.j.r.query.QueryEnhancerFactories   : Hibernate is in classpath; If applicable, HQL parser will be used.
2026-08-25T12:43:28.491+08:00  WARN 25872 --- [demo2] [main] JpaBaseConfiguration$JpaWebConfiguration : spring.jpa.open-in-view is enabled by default. Therefore, database queries may be performed during view rendering. Explicitly configure spring.jpa.open-in-view to disable this warning
2026-08-25T12:43:28.614+08:00  WARN 25872 --- [demo2] [main] .s.a.UserDetailsServiceAutoConfiguration : 

Using generated security password: be39a6ae-7d1c-47ad-b2f0-e5441faba3ce

This generated password is for development use only. Your security configuration must be updated before running your application in production.

2026-08-25T12:43:28.670+08:00  INFO 25872 --- [demo2] [main] r$InitializeUserDetailsManagerConfigurer : Global AuthenticationManager configured with UserDetailsService bean with name inMemoryUserDetailsManager
2026-08-25T12:43:29.376+08:00  INFO 25872 --- [demo2] [main] o.s.b.w.a.WelcomePageHandlerMapping      : Adding welcome page: class path resource [static/index.html]
2026-08-25T12:43:31.368+08:00  INFO 25872 --- [demo2] [main] o.s.boot.tomcat.TomcatWebServer          : Tomcat started on port 8080 (http) with context path '/'
2026-08-25T12:43:31.447+08:00  INFO 25872 --- [demo2] [main] com.example2.demo2.Demo2Application      : Started Demo2Application in 20.848 seconds (process running for 22.243)
2026-08-25T12:43:31.459+08:00  WARN 25872 --- [demo2] [main] o.s.core.events.SpringDocAppInitializer  : SpringDoc /v3/api-docs endpoint is enabled by default. To disable it in production, set the property 'springdoc.api-docs.enabled=false'
2026-08-25T12:43:31.459+08:00  WARN 25872 --- [demo2] [main] o.s.core.events.SpringDocAppInitializer  : SpringDoc /swagger-ui.html endpoint is enabled by default. To disable it in production, set the property 'springdoc.swagger-ui.enabled=false'
2026-08-25T12:43:35.169+08:00  INFO 25872 --- [demo2] [http-nio-8080-exec-1] o.a.c.c.C.[Tomcat].[localhost].[/]       : Initializing Spring DispatcherServlet 'dispatcherServlet'
2026-08-25T12:43:35.170+08:00  INFO 25872 --- [demo2] [http-nio-8080-exec-1] o.s.web.servlet.DispatcherServlet        : Initializing Servlet 'dispatcherServlet'
2026-08-25T12:43:35.173+08:00  INFO 25872 --- [demo2] [http-nio-8080-exec-1] o.s.web.servlet.DispatcherServlet        : Completed initialization in 2 ms
2026-08-25T12:43:37.035+08:00  INFO 25872 --- [demo2] [http-nio-8080-exec-10] o.springdoc.api.AbstractOpenApiResource  : Init duration for springdoc-openapi is: 721 ms
2026-08-25T12:44:20.036+08:00  INFO 25872 --- [demo2] [SpringApplicationShutdownHook] o.s.boot.tomcat.GracefulShutdown         : Commencing graceful shutdown. Waiting for active requests to complete
2026-08-25T12:44:20.042+08:00  INFO 25872 --- [demo2] [tomcat-shutdown] o.s.boot.tomcat.GracefulShutdown         : Graceful shutdown complete
2026-08-25T12:44:20.053+08:00  INFO 25872 --- [demo2] [SpringApplicationShutdownHook] j.LocalContainerEntityManagerFactoryBean : Closing JPA EntityManagerFactory for persistence unit 'default'
2026-08-25T12:44:20.053+08:00  INFO 25872 --- [demo2] [SpringApplicationShutdownHook] com.zaxxer.hikari.HikariDataSource       : HikariPool-1 - Shutdown initiated...
2026-08-25T12:44:20.063+08:00  INFO 25872 --- [demo2] [SpringApplicationShutdownHook] com.zaxxer.hikari.HikariDataSource       : HikariPool-1 - Shutdown completed.
2026-08-25T12:44:28.462+08:00  INFO 44524 --- [demo2] [main] com.example2.demo2.Demo2Application      : Starting Demo2Application using Java 23.0.1 with PID 44524 (C:\Users\32151\Desktop\book-management-system\target\classes started by 32151 in C:\Users\32151\Desktop\book-management-system)
2026-08-25T12:44:28.467+08:00  INFO 44524 --- [demo2] [main] com.example2.demo2.Demo2Application      : The following 1 profile is active: "dev"
2026-08-25T12:44:29.436+08:00  INFO 44524 --- [demo2] [main] .s.d.r.c.RepositoryConfigurationDelegate : Multiple Spring Data modules found, entering strict repository configuration mode
2026-08-25T12:44:29.439+08:00  INFO 44524 --- [demo2] [main] .s.d.r.c.RepositoryConfigurationDelegate : Bootstrapping Spring Data JPA repositories in DEFAULT mode.
2026-08-25T12:44:29.562+08:00  INFO 44524 --- [demo2] [main] .s.d.r.c.RepositoryConfigurationDelegate : Finished Spring Data repository scanning in 116 ms. Found 2 JPA repository interfaces.
2026-08-25T12:44:29.612+08:00  INFO 44524 --- [demo2] [main] .s.d.r.c.RepositoryConfigurationDelegate : Multiple Spring Data modules found, entering strict repository configuration mode
2026-08-25T12:44:29.612+08:00  INFO 44524 --- [demo2] [main] .s.d.r.c.RepositoryConfigurationDelegate : Bootstrapping Spring Data Redis repositories in DEFAULT mode.
2026-08-25T12:44:29.630+08:00  INFO 44524 --- [demo2] [main] .RepositoryConfigurationExtensionSupport : Spring Data Redis - Could not safely identify store assignment for repository candidate interface com.example2.demo2.repository.BookRepository; If you want this repository to be a Redis repository, consider annotating your entities with one of these annotations: org.springframework.data.redis.core.RedisHash (preferred), or consider extending one of the following types with your repository: org.springframework.data.keyvalue.repository.KeyValueRepository
2026-08-25T12:44:29.630+08:00  INFO 44524 --- [demo2] [main] .RepositoryConfigurationExtensionSupport : Spring Data Redis - Could not safely identify store assignment for repository candidate interface com.example2.demo2.repository.UserRepository; If you want this repository to be a Redis repository, consider annotating your entities with one of these annotations: org.springframework.data.redis.core.RedisHash (preferred), or consider extending one of the following types with your repository: org.springframework.data.keyvalue.repository.KeyValueRepository
2026-08-25T12:44:29.630+08:00  INFO 44524 --- [demo2] [main] .s.d.r.c.RepositoryConfigurationDelegate : Finished Spring Data repository scanning in 7 ms. Found 0 Redis repository interfaces.
2026-08-25T12:44:31.000+08:00  INFO 44524 --- [demo2] [main] o.s.boot.tomcat.TomcatWebServer          : Tomcat initialized with port 8080 (http)
2026-08-25T12:44:31.049+08:00  INFO 44524 --- [demo2] [main] o.apache.catalina.core.StandardService   : Starting service [Tomcat]
2026-08-25T12:44:31.049+08:00  INFO 44524 --- [demo2] [main] o.apache.catalina.core.StandardEngine    : Starting Servlet engine: [Apache Tomcat/11.0.22]
2026-08-25T12:44:31.293+08:00  INFO 44524 --- [demo2] [main] b.w.c.s.WebApplicationContextInitializer : Root WebApplicationContext: initialization completed in 2761 ms
2026-08-25T12:44:32.259+08:00  INFO 44524 --- [demo2] [main] org.hibernate.orm.jpa                    : HHH008540: Processing PersistenceUnitInfo [name: default]
2026-08-25T12:44:32.350+08:00  INFO 44524 --- [demo2] [main] org.hibernate.orm.core                   : HHH000001: Hibernate ORM core version 7.4.1.Final
2026-08-25T12:44:33.282+08:00  INFO 44524 --- [demo2] [main] o.s.o.j.p.SpringPersistenceUnitInfo      : No LoadTimeWeaver setup: ignoring JPA class transformer
2026-08-25T12:44:33.351+08:00  INFO 44524 --- [demo2] [main] com.zaxxer.hikari.HikariDataSource       : HikariPool-1 - Starting...
2026-08-25T12:44:33.684+08:00  INFO 44524 --- [demo2] [main] com.zaxxer.hikari.pool.HikariPool        : HikariPool-1 - Added connection com.mysql.cj.jdbc.ConnectionImpl@49741274
2026-08-25T12:44:33.686+08:00  INFO 44524 --- [demo2] [main] com.zaxxer.hikari.HikariDataSource       : HikariPool-1 - Start completed.
2026-08-25T12:44:33.778+08:00  WARN 44524 --- [demo2] [main] org.hibernate.orm.deprecation            : HHH90000025: MySQLDialect does not need to be specified explicitly using 'hibernate.dialect' (remove the property setting and it will be selected by default)
2026-08-25T12:44:33.823+08:00  INFO 44524 --- [demo2] [main] org.hibernate.orm.connections.pooling    : HHH10001005: Database info:
	Database JDBC URL [jdbc:mysql://localhost:3306/book_db?useSSL=false&serverTimezone=Asia/Shanghai&allowPublicKeyRetrieval=true]
	Database driver: MySQL Connector/J
	Database dialect: MySQLDialect
	Database version: 8.0.46
	Default catalog/schema: book_db/undefined
	Autocommit mode: undefined/unknown
	Isolation level: REPEATABLE_READ [default REPEATABLE_READ]
	JDBC fetch size: none
	Pool: DataSourceConnectionProvider
	Minimum pool size: undefined/unknown
	Maximum pool size: undefined/unknown
2026-08-25T12:44:34.586+08:00  INFO 44524 --- [demo2] [main] org.hibernate.orm.core                   : HHH000489: No JTA platform available (set 'hibernate.transaction.jta.platform' to enable JTA platform integration)
2026-08-25T12:44:34.641+08:00  INFO 44524 --- [demo2] [main] j.LocalContainerEntityManagerFactoryBean : Initialized JPA EntityManagerFactory for persistence unit 'default'
2026-08-25T12:44:35.217+08:00  INFO 44524 --- [demo2] [main] o.s.d.j.r.query.QueryEnhancerFactories   : Hibernate is in classpath; If applicable, HQL parser will be used.
2026-08-25T12:44:38.882+08:00  WARN 44524 --- [demo2] [main] JpaBaseConfiguration$JpaWebConfiguration : spring.jpa.open-in-view is enabled by default. Therefore, database queries may be performed during view rendering. Explicitly configure spring.jpa.open-in-view to disable this warning
2026-08-25T12:44:38.982+08:00  WARN 44524 --- [demo2] [main] .s.a.UserDetailsServiceAutoConfiguration : 

Using generated security password: d5fc2676-f256-4fbf-8039-468a66700942

This generated password is for development use only. Your security configuration must be updated before running your application in production.

2026-08-25T12:44:39.010+08:00  INFO 44524 --- [demo2] [main] r$InitializeUserDetailsManagerConfigurer : Global AuthenticationManager configured with UserDetailsService bean with name inMemoryUserDetailsManager
2026-08-25T12:44:40.032+08:00  INFO 44524 --- [demo2] [main] o.s.b.w.a.WelcomePageHandlerMapping      : Adding welcome page: class path resource [static/index.html]
2026-08-25T12:44:43.148+08:00  INFO 44524 --- [demo2] [main] o.s.boot.tomcat.TomcatWebServer          : Tomcat started on port 8080 (http) with context path '/'
2026-08-25T12:44:43.181+08:00  INFO 44524 --- [demo2] [main] com.example2.demo2.Demo2Application      : Started Demo2Application in 15.24 seconds (process running for 15.73)
2026-08-25T12:44:43.187+08:00  WARN 44524 --- [demo2] [main] o.s.core.events.SpringDocAppInitializer  : SpringDoc /v3/api-docs endpoint is enabled by default. To disable it in production, set the property 'springdoc.api-docs.enabled=false'
2026-08-25T12:44:43.188+08:00  WARN 44524 --- [demo2] [main] o.s.core.events.SpringDocAppInitializer  : SpringDoc /swagger-ui.html endpoint is enabled by default. To disable it in production, set the property 'springdoc.swagger-ui.enabled=false'
2026-08-25T12:44:48.479+08:00  INFO 44524 --- [demo2] [http-nio-8080-exec-2] o.a.c.c.C.[Tomcat].[localhost].[/]       : Initializing Spring DispatcherServlet 'dispatcherServlet'
2026-08-25T12:44:48.483+08:00  INFO 44524 --- [demo2] [http-nio-8080-exec-2] o.s.web.servlet.DispatcherServlet        : Initializing Servlet 'dispatcherServlet'
2026-08-25T12:44:48.484+08:00  INFO 44524 --- [demo2] [http-nio-8080-exec-2] o.s.web.servlet.DispatcherServlet        : Completed initialization in 0 ms
2026-08-25T12:44:49.782+08:00  INFO 44524 --- [demo2] [http-nio-8080-exec-7] o.springdoc.api.AbstractOpenApiResource  : Init duration for springdoc-openapi is: 959 ms
2026-08-25T12:46:48.107+08:00 ERROR 44524 --- [demo2] [http-nio-8080-exec-8] c.e.demo2.common.GlobalExceptionHandler  : 业务异常: Unable to connect to Redis
2026-08-25T12:53:23.501+08:00  INFO 44524 --- [demo2] [SpringApplicationShutdownHook] o.s.boot.tomcat.GracefulShutdown         : Commencing graceful shutdown. Waiting for active requests to complete
2026-08-25T12:53:23.506+08:00  INFO 44524 --- [demo2] [tomcat-shutdown] o.s.boot.tomcat.GracefulShutdown         : Graceful shutdown complete
2026-08-25T12:53:23.524+08:00  INFO 44524 --- [demo2] [SpringApplicationShutdownHook] j.LocalContainerEntityManagerFactoryBean : Closing JPA EntityManagerFactory for persistence unit 'default'
2026-08-25T12:53:23.524+08:00  INFO 44524 --- [demo2] [SpringApplicationShutdownHook] com.zaxxer.hikari.HikariDataSource       : HikariPool-1 - Shutdown initiated...
2026-08-25T12:53:23.537+08:00  INFO 44524 --- [demo2] [SpringApplicationShutdownHook] com.zaxxer.hikari.HikariDataSource       : HikariPool-1 - Shutdown completed.
2026-08-25T12:53:27.905+08:00  INFO 27432 --- [demo2] [main] com.example2.demo2.Demo2Application      : Starting Demo2Application using Java 23.0.1 with PID 27432 (C:\Users\32151\Desktop\book-management-system\target\classes started by 32151 in C:\Users\32151\Desktop\book-management-system)
2026-08-25T12:53:27.909+08:00  INFO 27432 --- [demo2] [main] com.example2.demo2.Demo2Application      : The following 1 profile is active: "dev"
2026-08-25T12:53:28.799+08:00  INFO 27432 --- [demo2] [main] .s.d.r.c.RepositoryConfigurationDelegate : Multiple Spring Data modules found, entering strict repository configuration mode
2026-08-25T12:53:28.799+08:00  INFO 27432 --- [demo2] [main] .s.d.r.c.RepositoryConfigurationDelegate : Bootstrapping Spring Data JPA repositories in DEFAULT mode.
2026-08-25T12:53:28.911+08:00  INFO 27432 --- [demo2] [main] .s.d.r.c.RepositoryConfigurationDelegate : Finished Spring Data repository scanning in 102 ms. Found 2 JPA repository interfaces.
2026-08-25T12:53:28.955+08:00  INFO 27432 --- [demo2] [main] .s.d.r.c.RepositoryConfigurationDelegate : Multiple Spring Data modules found, entering strict repository configuration mode
2026-08-25T12:53:28.955+08:00  INFO 27432 --- [demo2] [main] .s.d.r.c.RepositoryConfigurationDelegate : Bootstrapping Spring Data Redis repositories in DEFAULT mode.
2026-08-25T12:53:28.976+08:00  INFO 27432 --- [demo2] [main] .RepositoryConfigurationExtensionSupport : Spring Data Redis - Could not safely identify store assignment for repository candidate interface com.example2.demo2.repository.BookRepository; If you want this repository to be a Redis repository, consider annotating your entities with one of these annotations: org.springframework.data.redis.core.RedisHash (preferred), or consider extending one of the following types with your repository: org.springframework.data.keyvalue.repository.KeyValueRepository
2026-08-25T12:53:28.976+08:00  INFO 27432 --- [demo2] [main] .RepositoryConfigurationExtensionSupport : Spring Data Redis - Could not safely identify store assignment for repository candidate interface com.example2.demo2.repository.UserRepository; If you want this repository to be a Redis repository, consider annotating your entities with one of these annotations: org.springframework.data.redis.core.RedisHash (preferred), or consider extending one of the following types with your repository: org.springframework.data.keyvalue.repository.KeyValueRepository
2026-08-25T12:53:28.977+08:00  INFO 27432 --- [demo2] [main] .s.d.r.c.RepositoryConfigurationDelegate : Finished Spring Data repository scanning in 8 ms. Found 0 Redis repository interfaces.
2026-08-25T12:53:29.804+08:00  INFO 27432 --- [demo2] [main] o.s.boot.tomcat.TomcatWebServer          : Tomcat initialized with port 8080 (http)
2026-08-25T12:53:29.819+08:00  INFO 27432 --- [demo2] [main] o.apache.catalina.core.StandardService   : Starting service [Tomcat]
2026-08-25T12:53:29.819+08:00  INFO 27432 --- [demo2] [main] o.apache.catalina.core.StandardEngine    : Starting Servlet engine: [Apache Tomcat/11.0.22]
2026-08-25T12:53:29.890+08:00  INFO 27432 --- [demo2] [main] b.w.c.s.WebApplicationContextInitializer : Root WebApplicationContext: initialization completed in 1908 ms
2026-08-25T12:53:30.203+08:00  INFO 27432 --- [demo2] [main] org.hibernate.orm.jpa                    : HHH008540: Processing PersistenceUnitInfo [name: default]
2026-08-25T12:53:30.253+08:00  INFO 27432 --- [demo2] [main] org.hibernate.orm.core                   : HHH000001: Hibernate ORM core version 7.4.1.Final
2026-08-25T12:53:30.613+08:00  INFO 27432 --- [demo2] [main] o.s.o.j.p.SpringPersistenceUnitInfo      : No LoadTimeWeaver setup: ignoring JPA class transformer
2026-08-25T12:53:30.639+08:00  INFO 27432 --- [demo2] [main] com.zaxxer.hikari.HikariDataSource       : HikariPool-1 - Starting...
2026-08-25T12:53:30.802+08:00  INFO 27432 --- [demo2] [main] com.zaxxer.hikari.pool.HikariPool        : HikariPool-1 - Added connection com.mysql.cj.jdbc.ConnectionImpl@49741274
2026-08-25T12:53:30.802+08:00  INFO 27432 --- [demo2] [main] com.zaxxer.hikari.HikariDataSource       : HikariPool-1 - Start completed.
2026-08-25T12:53:30.845+08:00  WARN 27432 --- [demo2] [main] org.hibernate.orm.deprecation            : HHH90000025: MySQLDialect does not need to be specified explicitly using 'hibernate.dialect' (remove the property setting and it will be selected by default)
2026-08-25T12:53:30.862+08:00  INFO 27432 --- [demo2] [main] org.hibernate.orm.connections.pooling    : HHH10001005: Database info:
	Database JDBC URL [jdbc:mysql://localhost:3306/book_db?useSSL=false&serverTimezone=Asia/Shanghai&allowPublicKeyRetrieval=true]
	Database driver: MySQL Connector/J
	Database dialect: MySQLDialect
	Database version: 8.0.46
	Default catalog/schema: book_db/undefined
	Autocommit mode: undefined/unknown
	Isolation level: REPEATABLE_READ [default REPEATABLE_READ]
	JDBC fetch size: none
	Pool: DataSourceConnectionProvider
	Minimum pool size: undefined/unknown
	Maximum pool size: undefined/unknown
2026-08-25T12:53:31.563+08:00  INFO 27432 --- [demo2] [main] org.hibernate.orm.core                   : HHH000489: No JTA platform available (set 'hibernate.transaction.jta.platform' to enable JTA platform integration)
2026-08-25T12:53:31.613+08:00  INFO 27432 --- [demo2] [main] j.LocalContainerEntityManagerFactoryBean : Initialized JPA EntityManagerFactory for persistence unit 'default'
2026-08-25T12:53:32.122+08:00  INFO 27432 --- [demo2] [main] o.s.d.j.r.query.QueryEnhancerFactories   : Hibernate is in classpath; If applicable, HQL parser will be used.
2026-08-25T12:53:33.447+08:00  WARN 27432 --- [demo2] [main] JpaBaseConfiguration$JpaWebConfiguration : spring.jpa.open-in-view is enabled by default. Therefore, database queries may be performed during view rendering. Explicitly configure spring.jpa.open-in-view to disable this warning
2026-08-25T12:53:33.529+08:00  WARN 27432 --- [demo2] [main] .s.a.UserDetailsServiceAutoConfiguration : 

Using generated security password: e956f999-7164-4a01-9507-8c13336fb66c

This generated password is for development use only. Your security configuration must be updated before running your application in production.

2026-08-25T12:53:33.557+08:00  INFO 27432 --- [demo2] [main] r$InitializeUserDetailsManagerConfigurer : Global AuthenticationManager configured with UserDetailsService bean with name inMemoryUserDetailsManager
2026-08-25T12:53:33.821+08:00  INFO 27432 --- [demo2] [main] o.s.b.w.a.WelcomePageHandlerMapping      : Adding welcome page: class path resource [static/index.html]
2026-08-25T12:53:34.503+08:00  INFO 27432 --- [demo2] [main] o.s.boot.tomcat.TomcatWebServer          : Tomcat started on port 8080 (http) with context path '/'
2026-08-25T12:53:34.512+08:00  INFO 27432 --- [demo2] [main] com.example2.demo2.Demo2Application      : Started Demo2Application in 7.102 seconds (process running for 7.588)
2026-08-25T12:53:34.512+08:00  WARN 27432 --- [demo2] [main] o.s.core.events.SpringDocAppInitializer  : SpringDoc /v3/api-docs endpoint is enabled by default. To disable it in production, set the property 'springdoc.api-docs.enabled=false'
2026-08-25T12:53:34.512+08:00  WARN 27432 --- [demo2] [main] o.s.core.events.SpringDocAppInitializer  : SpringDoc /swagger-ui.html endpoint is enabled by default. To disable it in production, set the property 'springdoc.swagger-ui.enabled=false'
2026-08-25T12:53:49.502+08:00  INFO 27432 --- [demo2] [http-nio-8080-exec-1] o.a.c.c.C.[Tomcat].[localhost].[/]       : Initializing Spring DispatcherServlet 'dispatcherServlet'
2026-08-25T12:53:49.502+08:00  INFO 27432 --- [demo2] [http-nio-8080-exec-1] o.s.web.servlet.DispatcherServlet        : Initializing Servlet 'dispatcherServlet'
2026-08-25T12:53:49.502+08:00  INFO 27432 --- [demo2] [http-nio-8080-exec-1] o.s.web.servlet.DispatcherServlet        : Completed initialization in 0 ms
2026-08-25T12:53:50.764+08:00  INFO 27432 --- [demo2] [http-nio-8080-exec-10] o.springdoc.api.AbstractOpenApiResource  : Init duration for springdoc-openapi is: 859 ms
2026-08-25T12:54:27.684+08:00 ERROR 27432 --- [demo2] [http-nio-8080-exec-1] c.e.demo2.common.GlobalExceptionHandler  : 业务异常: 刷新令牌格式错误
2026-08-25T12:58:51.556+08:00  INFO 27432 --- [demo2] [SpringApplicationShutdownHook] o.s.boot.tomcat.GracefulShutdown         : Commencing graceful shutdown. Waiting for active requests to complete
2026-08-25T12:58:51.563+08:00  INFO 27432 --- [demo2] [tomcat-shutdown] o.s.boot.tomcat.GracefulShutdown         : Graceful shutdown complete
2026-08-25T12:58:51.578+08:00  INFO 27432 --- [demo2] [SpringApplicationShutdownHook] j.LocalContainerEntityManagerFactoryBean : Closing JPA EntityManagerFactory for persistence unit 'default'
2026-08-25T12:58:51.584+08:00  INFO 27432 --- [demo2] [SpringApplicationShutdownHook] com.zaxxer.hikari.HikariDataSource       : HikariPool-1 - Shutdown initiated...
2026-08-25T12:58:51.591+08:00  INFO 27432 --- [demo2] [SpringApplicationShutdownHook] com.zaxxer.hikari.HikariDataSource       : HikariPool-1 - Shutdown completed.
